2026-09-12T14:30:19.911319+00:00 | START staged run-model search | root=C:\Users\ntmal\Downloads\mat\baseball_for_mat
2026-09-12T14:30:19.912344+00:00 | versions={"lightgbm":"4.7.0","lightgbm_import_error":null,"numpy":"2.5.3","pandas":"3.0.5","python":"3.14.7","scikit_learn":"1.9.1","scipy":"1.18.1","xgboost":"3.4.1","xgboost_import_error":null}
2026-09-12T14:30:20.169633+00:00 | HOME search | total=1328 already_done=0 baseline_poisson=2.41293119
2026-09-12T14:32:48.480826+00:00 | HOME checkpoint | this_run=20 saved=20 batch_best=2.48928639
2026-09-12T14:35:40.537286+00:00 | HOME checkpoint | this_run=40 saved=20 batch_best=2.48780330
2026-09-12T14:38:55.101378+00:00 | HOME checkpoint | this_run=60 saved=20 batch_best=2.39766813
2026-09-12T14:40:11.177643+00:00 | HOME checkpoint | this_run=80 saved=20 batch_best=2.40051767
2026-09-12T14:40:39.276214+00:00 | HOME checkpoint | this_run=100 saved=20 batch_best=2.40364582
2026-09-12T14:41:28.331559+00:00 | HOME checkpoint | this_run=120 saved=20 batch_best=2.53235859
2026-09-12T14:43:22.144928+00:00 | HOME checkpoint | this_run=140 saved=20 batch_best=2.40862563
2026-09-12T14:46:06.808051+00:00 | HOME checkpoint | this_run=160 saved=20 batch_best=2.48770679
2026-09-12T14:50:07.978705+00:00 | HOME checkpoint | this_run=180 saved=20 batch_best=2.54065814
2026-09-12T14:54:37.328017+00:00 | HOME checkpoint | this_run=200 saved=20 batch_best=2.56294513
2026-09-12T14:56:07.732254+00:00 | HOME checkpoint | this_run=220 saved=20 batch_best=2.52875386
2026-09-12T14:57:24.870250+00:00 | HOME checkpoint | this_run=240 saved=20 batch_best=2.45299041
2026-09-12T14:57:44.398704+00:00 | HOME checkpoint | this_run=260 saved=20 batch_best=2.40805559
2026-09-12T14:58:10.075342+00:00 | HOME checkpoint | this_run=280 saved=20 batch_best=2.55431407
2026-09-12T14:58:44.904699+00:00 | HOME checkpoint | this_run=300 saved=20 batch_best=2.45131475
2026-09-12T15:00:00.291738+00:00 | HOME checkpoint | this_run=320 saved=20 batch_best=2.50938881
2026-09-12T15:02:18.051786+00:00 | HOME checkpoint | this_run=340 saved=20 batch_best=2.50041117
2026-09-12T15:04:14.000231+00:00 | HOME checkpoint | this_run=360 saved=20 batch_best=2.50734072
2026-09-12T15:05:55.345068+00:00 | HOME checkpoint | this_run=380 saved=20 batch_best=2.52671902
2026-09-12T15:08:39.566313+00:00 | HOME checkpoint | this_run=400 saved=20 batch_best=2.40005360
2026-09-12T15:09:25.668264+00:00 | HOME checkpoint | this_run=420 saved=20 batch_best=2.39551866
2026-09-12T15:10:05.722246+00:00 | HOME checkpoint | this_run=440 saved=20 batch_best=2.42423468
2026-09-12T15:10:52.688933+00:00 | HOME checkpoint | this_run=460 saved=20 batch_best=2.54957960
2026-09-12T15:12:30.757408+00:00 | HOME checkpoint | this_run=480 saved=20 batch_best=2.42642512
2026-09-12T15:14:03.874234+00:00 | HOME checkpoint | this_run=500 saved=20 batch_best=2.49701515
2026-09-12T15:15:38.394857+00:00 | HOME checkpoint | this_run=520 saved=20 batch_best=2.51718568
2026-09-12T15:17:00.841343+00:00 | HOME checkpoint | this_run=540 saved=20 batch_best=2.44956729
2026-09-12T15:19:06.201494+00:00 | HOME checkpoint | this_run=560 saved=20 batch_best=2.39806407
2026-09-12T15:19:58.107769+00:00 | HOME checkpoint | this_run=580 saved=20 batch_best=2.40108762
2026-09-12T15:20:18.733443+00:00 | HOME checkpoint | this_run=600 saved=20 batch_best=2.40318659
2026-09-12T15:21:09.021856+00:00 | HOME checkpoint | this_run=620 saved=20 batch_best=2.50584948
2026-09-12T15:22:39.391462+00:00 | HOME checkpoint | this_run=640 saved=20 batch_best=2.41042286
2026-09-12T15:25:02.177921+00:00 | HOME checkpoint | this_run=660 saved=20 batch_best=2.45849695
2026-09-12T15:27:13.640434+00:00 | HOME checkpoint | this_run=680 saved=20 batch_best=2.61359379
2026-09-12T15:29:11.473154+00:00 | HOME checkpoint | this_run=700 saved=20 batch_best=2.56181009
2026-09-12T15:31:02.102754+00:00 | HOME checkpoint | this_run=720 saved=20 batch_best=2.43058107
2026-09-12T15:31:59.436743+00:00 | HOME checkpoint | this_run=740 saved=20 batch_best=2.42072208
2026-09-12T15:32:13.323983+00:00 | HOME checkpoint | this_run=760 saved=20 batch_best=2.39894287
2026-09-12T15:32:42.898132+00:00 | HOME checkpoint | this_run=780 saved=20 batch_best=2.60161222
2026-09-12T15:33:30.869157+00:00 | HOME checkpoint | this_run=800 saved=20 batch_best=2.47910067
2026-09-12T15:34:53.363504+00:00 | HOME checkpoint | this_run=820 saved=20 batch_best=2.56049158
2026-09-12T15:36:19.407316+00:00 | HOME checkpoint | this_run=840 saved=20 batch_best=2.49128542
2026-09-12T15:37:43.690499+00:00 | HOME checkpoint | this_run=860 saved=20 batch_best=2.46250973
2026-09-12T15:38:57.268265+00:00 | HOME checkpoint | this_run=880 saved=20 batch_best=2.45465280
2026-09-12T15:40:06.345638+00:00 | HOME checkpoint | this_run=900 saved=20 batch_best=2.41846963
2026-09-12T15:40:25.450608+00:00 | HOME checkpoint | this_run=920 saved=20 batch_best=2.41621245
2026-09-12T15:41:01.359343+00:00 | HOME checkpoint | this_run=940 saved=20 batch_best=2.41552165
2026-09-12T15:41:40.669081+00:00 | HOME checkpoint | this_run=960 saved=20 batch_best=2.55185751
2026-09-12T15:43:04.090292+00:00 | HOME checkpoint | this_run=980 saved=20 batch_best=2.41608753
2026-09-12T15:44:21.270754+00:00 | HOME checkpoint | this_run=1000 saved=20 batch_best=2.43561143
2026-09-12T15:46:11.322140+00:00 | HOME checkpoint | this_run=1020 saved=20 batch_best=2.66064033
2026-09-12T15:47:47.662792+00:00 | HOME checkpoint | this_run=1040 saved=20 batch_best=2.58865523
2026-09-12T15:49:20.253726+00:00 | HOME checkpoint | this_run=1060 saved=20 batch_best=2.43926893
2026-09-12T15:49:58.447024+00:00 | HOME checkpoint | this_run=1080 saved=20 batch_best=2.42881648
2026-09-12T15:50:14.284755+00:00 | HOME checkpoint | this_run=1100 saved=20 batch_best=2.40805225
2026-09-12T16:05:45.553368+00:00 | HOME checkpoint | this_run=1120 saved=20 batch_best=2.76126659
2026-09-12T16:06:49.710352+00:00 | HOME checkpoint | this_run=1140 saved=20 batch_best=2.51770098
2026-09-12T16:08:07.956941+00:00 | HOME checkpoint | this_run=1160 saved=20 batch_best=2.60061475
2026-09-12T16:09:26.237173+00:00 | HOME checkpoint | this_run=1180 saved=20 batch_best=2.53533813
2026-09-12T16:10:42.814680+00:00 | HOME checkpoint | this_run=1200 saved=20 batch_best=2.51506293
2026-09-12T16:12:06.996089+00:00 | HOME checkpoint | this_run=1220 saved=20 batch_best=2.44593902
2026-09-12T16:12:53.298568+00:00 | HOME checkpoint | this_run=1240 saved=20 batch_best=2.42584954
2026-09-12T16:13:03.499569+00:00 | HOME checkpoint | this_run=1260 saved=20 batch_best=2.43075782
2026-09-12T16:13:30.536822+00:00 | HOME checkpoint | this_run=1280 saved=20 batch_best=2.65011626
2026-09-12T16:14:18.374467+00:00 | HOME checkpoint | this_run=1300 saved=20 batch_best=2.43468115
2026-09-12T16:15:29.360740+00:00 | HOME checkpoint | this_run=1320 saved=20 batch_best=2.48936570
2026-09-12T16:15:59.004890+00:00 | HOME candidate search stored | rows=1328 ok=1304 failed=24
2026-09-12T16:15:59.013844+00:00 | AWAY search | total=1328 already_done=0 baseline_poisson=2.41466861
2026-09-12T16:18:37.949348+00:00 | AWAY checkpoint | this_run=20 saved=20 batch_best=2.54514293
2026-09-12T16:22:42.320399+00:00 | AWAY checkpoint | this_run=40 saved=20 batch_best=2.54336755
2026-09-12T16:27:38.117387+00:00 | AWAY checkpoint | this_run=60 saved=20 batch_best=2.43272893
2026-09-12T16:29:50.567220+00:00 | AWAY checkpoint | this_run=80 saved=20 batch_best=2.41141212
2026-09-12T16:30:16.331246+00:00 | AWAY checkpoint | this_run=100 saved=20 batch_best=2.39713617
2026-09-12T16:31:28.910490+00:00 | AWAY checkpoint | this_run=120 saved=20 batch_best=2.63267421
2026-09-12T16:34:07.877560+00:00 | AWAY checkpoint | this_run=140 saved=20 batch_best=2.47755916
2026-09-12T16:37:49.298699+00:00 | AWAY checkpoint | this_run=160 saved=20 batch_best=2.56580613
2026-09-12T16:41:40.763233+00:00 | AWAY checkpoint | this_run=180 saved=20 batch_best=2.53225040
2026-09-12T16:46:02.778469+00:00 | AWAY checkpoint | this_run=200 saved=20 batch_best=2.52740937
2026-09-12T16:49:23.189423+00:00 | AWAY checkpoint | this_run=220 saved=20 batch_best=2.57057444
2026-09-12T16:50:42.394440+00:00 | AWAY checkpoint | this_run=240 saved=20 batch_best=2.44445075
2026-09-12T16:51:03.626340+00:00 | AWAY checkpoint | this_run=260 saved=20 batch_best=2.38747386
2026-09-12T16:51:31.271023+00:00 | AWAY checkpoint | this_run=280 saved=20 batch_best=2.55505992
2026-09-12T16:52:08.202355+00:00 | AWAY checkpoint | this_run=300 saved=20 batch_best=2.45940761
2026-09-12T16:53:25.276112+00:00 | AWAY checkpoint | this_run=320 saved=20 batch_best=2.51531459
2026-09-12T16:54:53.894622+00:00 | AWAY checkpoint | this_run=340 saved=20 batch_best=2.53041365
2026-09-12T16:58:52.639424+00:00 | AWAY checkpoint | this_run=360 saved=20 batch_best=2.64835673
2026-09-12T17:03:44.033293+00:00 | AWAY checkpoint | this_run=380 saved=20 batch_best=2.64459919
2026-09-12T17:07:54.466984+00:00 | AWAY checkpoint | this_run=400 saved=20 batch_best=2.47081153
2026-09-12T17:08:57.447759+00:00 | AWAY checkpoint | this_run=420 saved=20 batch_best=2.44966143
2026-09-12T17:09:54.382613+00:00 | AWAY checkpoint | this_run=440 saved=20 batch_best=2.45989867
2026-09-12T17:11:19.632381+00:00 | AWAY checkpoint | this_run=460 saved=20 batch_best=2.72000941
2026-09-12T17:14:37.682802+00:00 | AWAY checkpoint | this_run=480 saved=20 batch_best=2.55892300
2026-09-12T17:18:04.096907+00:00 | AWAY checkpoint | this_run=500 saved=20 batch_best=2.55806109
2026-09-12T17:20:52.926279+00:00 | AWAY checkpoint | this_run=520 saved=20 batch_best=2.58534891
2026-09-12T17:22:08.628715+00:00 | AWAY checkpoint | this_run=540 saved=20 batch_best=2.52771701
2026-09-12T17:24:23.814654+00:00 | AWAY checkpoint | this_run=560 saved=20 batch_best=2.42401434
2026-09-12T17:25:49.315047+00:00 | AWAY checkpoint | this_run=580 saved=20 batch_best=2.41453913
2026-09-12T17:26:24.220702+00:00 | AWAY checkpoint | this_run=600 saved=20 batch_best=2.39700555
2026-09-12T17:27:45.373976+00:00 | AWAY checkpoint | this_run=620 saved=20 batch_best=2.59152784
2026-09-12T17:30:20.481923+00:00 | AWAY checkpoint | this_run=640 saved=20 batch_best=2.47426009
2026-09-12T17:33:37.577435+00:00 | AWAY checkpoint | this_run=660 saved=20 batch_best=2.55766222
2026-09-12T17:35:25.163252+00:00 | AWAY checkpoint | this_run=680 saved=20 batch_best=2.54292030
2026-09-12T17:47:50.132117+00:00 | AWAY checkpoint | this_run=700 saved=20 batch_best=2.55566536
2026-09-12T17:50:13.476511+00:00 | AWAY checkpoint | this_run=720 saved=20 batch_best=2.44414243
2026-09-12T17:52:12.413783+00:00 | AWAY checkpoint | this_run=740 saved=20 batch_best=2.41412062
2026-09-12T17:52:38.635196+00:00 | AWAY checkpoint | this_run=760 saved=20 batch_best=2.39375584
2026-09-12T17:53:40.857078+00:00 | AWAY checkpoint | this_run=780 saved=20 batch_best=2.53384726
2026-09-12T17:55:04.257277+00:00 | AWAY checkpoint | this_run=800 saved=20 batch_best=2.49991369
2026-09-12T17:57:49.549581+00:00 | AWAY checkpoint | this_run=820 saved=20 batch_best=2.55669731
2026-09-12T18:01:09.312059+00:00 | AWAY checkpoint | this_run=840 saved=20 batch_best=2.60275173
2026-09-12T18:05:12.249534+00:00 | AWAY checkpoint | this_run=860 saved=20 batch_best=2.57275967
2026-09-12T18:07:51.343073+00:00 | AWAY checkpoint | this_run=880 saved=20 batch_best=2.46921599
2026-09-12T18:09:43.534481+00:00 | AWAY checkpoint | this_run=900 saved=20 batch_best=2.42372441
2026-09-12T18:10:23.569676+00:00 | AWAY checkpoint | this_run=920 saved=20 batch_best=2.39683635
2026-09-12T18:11:07.648576+00:00 | AWAY checkpoint | this_run=940 saved=20 batch_best=2.39839599
2026-09-12T18:12:02.044289+00:00 | AWAY checkpoint | this_run=960 saved=20 batch_best=2.67953770
2026-09-12T18:14:18.697724+00:00 | AWAY checkpoint | this_run=980 saved=20 batch_best=2.50308708
2026-09-12T18:16:07.258148+00:00 | AWAY checkpoint | this_run=1000 saved=20 batch_best=2.56772806
2026-09-12T18:17:38.464277+00:00 | AWAY checkpoint | this_run=1020 saved=20 batch_best=2.62683465
2026-09-12T18:19:14.484625+00:00 | AWAY checkpoint | this_run=1040 saved=20 batch_best=2.60870644
2026-09-12T18:21:35.553302+00:00 | AWAY checkpoint | this_run=1060 saved=20 batch_best=2.49067733
2026-09-12T18:22:36.420994+00:00 | AWAY checkpoint | this_run=1080 saved=20 batch_best=2.45878360
2026-09-12T18:23:06.084810+00:00 | AWAY checkpoint | this_run=1100 saved=20 batch_best=2.45087100
2026-09-12T18:23:49.038389+00:00 | AWAY checkpoint | this_run=1120 saved=20 batch_best=2.69545631
2026-09-12T18:25:41.423806+00:00 | AWAY checkpoint | this_run=1140 saved=20 batch_best=2.54969014
2026-09-12T18:27:39.317501+00:00 | AWAY checkpoint | this_run=1160 saved=20 batch_best=2.65067928
2026-09-12T18:30:25.063772+00:00 | AWAY checkpoint | this_run=1180 saved=20 batch_best=2.69401799
2026-09-12T18:33:22.133118+00:00 | AWAY checkpoint | this_run=1200 saved=20 batch_best=2.68738744
2026-09-12T18:35:39.917801+00:00 | AWAY checkpoint | this_run=1220 saved=20 batch_best=2.52573000
2026-09-12T18:37:04.226991+00:00 | AWAY checkpoint | this_run=1240 saved=20 batch_best=2.49037564
2026-09-12T18:37:22.838309+00:00 | AWAY checkpoint | this_run=1260 saved=20 batch_best=2.46583085
2026-09-12T18:38:02.486518+00:00 | AWAY checkpoint | this_run=1280 saved=20 batch_best=2.79003948
2026-09-12T18:39:03.110450+00:00 | AWAY checkpoint | this_run=1300 saved=20 batch_best=2.59897081
2026-09-12T18:41:15.559951+00:00 | AWAY checkpoint | this_run=1320 saved=20 batch_best=2.70115684
2026-09-12T18:41:57.971569+00:00 | AWAY candidate search stored | rows=1328 ok=1281 failed=47
2026-09-12T18:41:58.067263+00:00 | REFINEMENT PLAN | home_seeds=18 home_configs=347 away_seeds=22 away_configs=246
2026-09-12T18:41:58.073017+00:00 | HOME refined search | total=347 already_done=0 baseline_poisson=2.41293119
2026-09-12T18:43:59.785099+00:00 | HOME refined checkpoint | this_run=20 saved=20 batch_best=2.39551866
2026-09-12T18:45:00.917618+00:00 | HOME refined checkpoint | this_run=40 saved=20 batch_best=2.38965971
2026-09-12T18:46:05.511747+00:00 | HOME refined checkpoint | this_run=60 saved=20 batch_best=2.39592311
2026-09-12T18:49:06.740068+00:00 | HOME refined checkpoint | this_run=80 saved=20 batch_best=2.39742851
2026-09-12T18:53:29.572755+00:00 | HOME refined checkpoint | this_run=100 saved=20 batch_best=2.38832021
2026-09-12T18:59:15.015374+00:00 | HOME refined checkpoint | this_run=120 saved=20 batch_best=2.39342302
2026-09-12T19:04:32.690983+00:00 | HOME refined checkpoint | this_run=140 saved=20 batch_best=2.38533961
2026-09-12T19:52:07.944890+00:00 | HOME refined checkpoint | this_run=160 saved=20 batch_best=2.39708843
2026-09-12T19:55:14.613999+00:00 | HOME refined checkpoint | this_run=180 saved=20 batch_best=2.38581398
2026-09-12T19:58:29.691687+00:00 | HOME refined checkpoint | this_run=200 saved=20 batch_best=2.39530561
2026-09-12T20:01:12.238020+00:00 | HOME refined checkpoint | this_run=220 saved=20 batch_best=2.38897995
2026-09-12T20:01:47.671913+00:00 | HOME refined checkpoint | this_run=240 saved=20 batch_best=2.39715600
2026-09-12T20:02:42.438926+00:00 | HOME refined checkpoint | this_run=260 saved=20 batch_best=2.40189089
2026-09-12T20:04:11.281400+00:00 | HOME refined checkpoint | this_run=280 saved=20 batch_best=2.39298709
2026-09-12T20:04:49.677876+00:00 | HOME refined checkpoint | this_run=300 saved=20 batch_best=2.41513778
2026-09-12T20:06:25.376188+00:00 | HOME refined checkpoint | this_run=320 saved=20 batch_best=2.42510105
2026-09-12T20:07:15.216931+00:00 | HOME refined checkpoint | this_run=340 saved=20 batch_best=2.41650363
2026-09-12T20:07:28.309662+00:00 | HOME refined stored | rows=347 ok=347 failed=0
2026-09-12T20:07:28.318992+00:00 | AWAY refined search | total=246 already_done=0 baseline_poisson=2.41466861
2026-09-12T20:07:30.354799+00:00 | AWAY refined checkpoint | this_run=20 saved=20 batch_best=2.38729724
2026-09-12T20:07:32.235354+00:00 | AWAY refined checkpoint | this_run=40 saved=20 batch_best=2.38753272
2026-09-12T20:07:33.938985+00:00 | AWAY refined checkpoint | this_run=60 saved=20 batch_best=2.38804547
2026-09-12T20:07:35.585488+00:00 | AWAY refined checkpoint | this_run=80 saved=20 batch_best=2.38882505
2026-09-12T20:07:38.323044+00:00 | AWAY refined checkpoint | this_run=100 saved=20 batch_best=2.39015449
2026-09-12T20:07:41.431925+00:00 | AWAY refined checkpoint | this_run=120 saved=20 batch_best=2.39696213
2026-09-12T20:09:10.508646+00:00 | AWAY refined checkpoint | this_run=140 saved=20 batch_best=2.40423368
2026-09-12T20:11:19.888288+00:00 | AWAY refined checkpoint | this_run=160 saved=20 batch_best=2.42047007
2026-09-12T20:11:41.565501+00:00 | AWAY refined checkpoint | this_run=180 saved=20 batch_best=2.43165673
2026-09-12T20:12:16.496339+00:00 | AWAY refined checkpoint | this_run=200 saved=20 batch_best=2.42390524
2026-09-12T20:13:10.119713+00:00 | AWAY refined checkpoint | this_run=220 saved=20 batch_best=2.46051182
2026-09-12T20:14:55.605962+00:00 | AWAY refined checkpoint | this_run=240 saved=20 batch_best=2.46519460
2026-09-12T20:15:14.046960+00:00 | AWAY refined stored | rows=246 ok=246 failed=0
2026-09-12T20:15:14.136964+00:00 | CANDIDATE TOTALS | home=1606 away=1516
2026-09-12T20:18:49.858631+00:00 | HOME OOF shortlist predictions 25/450
2026-09-12T20:23:25.247161+00:00 | HOME OOF shortlist predictions 50/450
2026-09-12T20:26:37.557918+00:00 | HOME OOF shortlist predictions 75/450
2026-09-12T20:29:05.510557+00:00 | HOME OOF shortlist predictions 100/450
2026-09-12T20:31:43.984407+00:00 | HOME OOF shortlist predictions 125/450
2026-09-12T20:33:05.872209+00:00 | HOME OOF shortlist predictions 150/450
2026-09-12T20:35:25.842074+00:00 | HOME OOF shortlist predictions 175/450
2026-09-12T20:36:41.588149+00:00 | HOME OOF shortlist predictions 200/450
2026-09-12T20:38:16.963183+00:00 | HOME OOF shortlist predictions 225/450
2026-09-12T20:40:05.394803+00:00 | HOME OOF shortlist predictions 250/450
2026-09-12T20:40:59.989908+00:00 | HOME OOF shortlist predictions 275/450
2026-09-12T20:42:09.665499+00:00 | HOME OOF shortlist predictions 300/450
2026-09-12T20:43:14.256719+00:00 | HOME OOF shortlist predictions 325/450
2026-09-12T20:44:32.796420+00:00 | HOME OOF shortlist predictions 350/450
2026-09-12T20:45:42.256181+00:00 | HOME OOF shortlist predictions 375/450
2026-09-12T20:46:58.100413+00:00 | HOME OOF shortlist predictions 400/450
2026-09-12T20:48:10.171021+00:00 | HOME OOF shortlist predictions 425/450
2026-09-12T20:49:22.862553+00:00 | HOME OOF shortlist predictions 450/450
2026-09-12T20:49:27.544455+00:00 | AWAY OOF shortlist predictions 25/441
2026-09-12T20:49:31.547603+00:00 | AWAY OOF shortlist predictions 50/441
2026-09-12T20:49:34.876767+00:00 | AWAY OOF shortlist predictions 75/441
2026-09-12T20:49:39.684851+00:00 | AWAY OOF shortlist predictions 100/441
2026-09-12T20:49:47.032065+00:00 | AWAY OOF shortlist predictions 125/441
2026-09-12T20:50:23.389877+00:00 | AWAY OOF shortlist predictions 150/441
2026-09-12T20:51:56.424353+00:00 | AWAY OOF shortlist predictions 175/441
2026-09-12T20:54:31.930102+00:00 | AWAY OOF shortlist predictions 200/441
2026-09-12T20:56:41.564946+00:00 | AWAY OOF shortlist predictions 225/441
2026-09-12T20:58:44.000929+00:00 | AWAY OOF shortlist predictions 250/441
2026-09-12T21:00:17.008321+00:00 | AWAY OOF shortlist predictions 275/441
2026-09-12T21:01:30.612398+00:00 | AWAY OOF shortlist predictions 300/441
2026-09-12T21:01:55.923093+00:00 | AWAY OOF shortlist predictions 325/441
2026-09-12T21:02:56.498475+00:00 | AWAY OOF shortlist predictions 350/441
2026-09-12T21:04:09.437344+00:00 | AWAY OOF shortlist predictions 375/441
2026-09-12T21:05:19.131879+00:00 | AWAY OOF shortlist predictions 400/441
2026-09-12T21:06:21.514745+00:00 | AWAY OOF shortlist predictions 425/441
2026-09-12T21:06:49.880748+00:00 | AWAY OOF shortlist predictions 441/441
2026-09-12T21:06:49.888268+00:00 | PAIR search | home=450 away=441 total=198450 already_done=0
2026-09-12T21:07:06.637475+00:00 | PAIR checkpoint | processed=1280/198450 batch_best=0.99787419
2026-09-12T21:07:23.675709+00:00 | PAIR checkpoint | processed=2560/198450 batch_best=1.00128405
2026-09-12T21:07:39.061734+00:00 | PAIR checkpoint | processed=3840/198450 batch_best=0.99459186
2026-09-12T21:07:54.414312+00:00 | PAIR checkpoint | processed=5120/198450 batch_best=1.00188989
2026-09-12T21:08:09.371426+00:00 | PAIR checkpoint | processed=6400/198450 batch_best=0.99651338
2026-09-12T21:08:24.865659+00:00 | PAIR checkpoint | processed=7680/198450 batch_best=0.99452254
2026-09-12T21:08:40.468824+00:00 | PAIR checkpoint | processed=8960/198450 batch_best=0.99231107
2026-09-12T21:10:57.087300+00:00 | PAIR checkpoint | processed=10240/198450 batch_best=0.99642677
2026-09-12T21:11:10.771031+00:00 | PAIR checkpoint | processed=11520/198450 batch_best=0.99357494
2026-09-12T21:11:27.780689+00:00 | PAIR checkpoint | processed=12800/198450 batch_best=0.99567498
2026-09-12T21:11:44.897125+00:00 | PAIR checkpoint | processed=14080/198450 batch_best=1.00476972
2026-09-12T21:12:00.964064+00:00 | PAIR checkpoint | processed=15360/198450 batch_best=0.99787304
2026-09-12T21:12:17.361533+00:00 | PAIR checkpoint | processed=16640/198450 batch_best=0.99994181
2026-09-12T21:12:32.860006+00:00 | PAIR checkpoint | processed=17920/198450 batch_best=0.99570867
2026-09-12T21:12:48.015270+00:00 | PAIR checkpoint | processed=19200/198450 batch_best=0.99452701
2026-09-12T21:13:05.052581+00:00 | PAIR checkpoint | processed=20480/198450 batch_best=0.99454928
2026-09-12T21:13:22.434742+00:00 | PAIR checkpoint | processed=21760/198450 batch_best=0.99581958
2026-09-12T21:13:39.680563+00:00 | PAIR checkpoint | processed=23040/198450 batch_best=0.99518130
2026-09-12T21:13:56.780581+00:00 | PAIR checkpoint | processed=24320/198450 batch_best=1.00132464
2026-09-12T21:14:13.560996+00:00 | PAIR checkpoint | processed=25600/198450 batch_best=0.99478300
2026-09-12T21:14:27.799238+00:00 | PAIR checkpoint | processed=26880/198450 batch_best=1.00156803
2026-09-12T21:14:40.221207+00:00 | PAIR checkpoint | processed=28160/198450 batch_best=1.00037516
2026-09-12T21:14:46.115720+00:00 | PAIR checkpoint | processed=29440/198450 batch_best=1.00285673
2026-09-12T21:14:57.542930+00:00 | PAIR checkpoint | processed=30720/198450 batch_best=0.99719465
2026-09-12T21:15:03.604416+00:00 | PAIR checkpoint | processed=32000/198450 batch_best=0.99500685
2026-09-12T21:15:11.047251+00:00 | PAIR checkpoint | processed=33280/198450 batch_best=0.99661297
2026-09-12T21:15:17.415394+00:00 | PAIR checkpoint | processed=34560/198450 batch_best=0.99515639
2026-09-12T21:15:25.564164+00:00 | PAIR checkpoint | processed=35840/198450 batch_best=0.99374076
2026-09-12T21:15:41.560298+00:00 | PAIR checkpoint | processed=37120/198450 batch_best=0.99440078
2026-09-12T21:15:51.487236+00:00 | PAIR checkpoint | processed=38400/198450 batch_best=0.99545789
2026-09-12T21:15:59.831626+00:00 | PAIR checkpoint | processed=39680/198450 batch_best=1.00105080
2026-09-12T21:16:06.564163+00:00 | PAIR checkpoint | processed=40960/198450 batch_best=1.00086191
2026-09-12T21:16:14.730965+00:00 | PAIR checkpoint | processed=42240/198450 batch_best=1.00217945
2026-09-12T21:16:21.029922+00:00 | PAIR checkpoint | processed=43520/198450 batch_best=0.99593167
2026-09-12T21:16:28.701291+00:00 | PAIR checkpoint | processed=44800/198450 batch_best=0.99642568
2026-09-12T21:16:41.793601+00:00 | PAIR checkpoint | processed=46080/198450 batch_best=0.99379378
2026-09-12T21:16:56.621513+00:00 | PAIR checkpoint | processed=47360/198450 batch_best=0.99393383
2026-09-12T21:17:10.951677+00:00 | PAIR checkpoint | processed=48640/198450 batch_best=0.99854382
2026-09-12T21:17:25.670940+00:00 | PAIR checkpoint | processed=49920/198450 batch_best=0.99927445
2026-09-12T21:17:40.523562+00:00 | PAIR checkpoint | processed=51200/198450 batch_best=0.99612556
2026-09-12T21:17:54.316230+00:00 | PAIR checkpoint | processed=52480/198450 batch_best=0.99653537
2026-09-12T21:18:07.994614+00:00 | PAIR checkpoint | processed=53760/198450 batch_best=1.00448786
2026-09-12T21:18:21.048338+00:00 | PAIR checkpoint | processed=55040/198450 batch_best=1.00205685
2026-09-12T21:18:29.797461+00:00 | PAIR checkpoint | processed=56320/198450 batch_best=0.99502899
2026-09-12T21:18:38.312239+00:00 | PAIR checkpoint | processed=57600/198450 batch_best=0.99683876
2026-09-12T21:18:48.004637+00:00 | PAIR checkpoint | processed=58880/198450 batch_best=0.99871491
2026-09-12T21:19:00.608506+00:00 | PAIR checkpoint | processed=60160/198450 batch_best=0.99518312
2026-09-12T21:19:14.458855+00:00 | PAIR checkpoint | processed=61440/198450 batch_best=0.99645494
2026-09-12T21:19:28.857078+00:00 | PAIR checkpoint | processed=62720/198450 batch_best=0.99496504
2026-09-12T21:19:43.084027+00:00 | PAIR checkpoint | processed=64000/198450 batch_best=1.00068697
2026-09-12T21:19:54.983682+00:00 | PAIR checkpoint | processed=65280/198450 batch_best=0.99581551
2026-09-12T21:20:04.631141+00:00 | PAIR checkpoint | processed=66560/198450 batch_best=0.99997020
2026-09-12T21:20:14.297473+00:00 | PAIR checkpoint | processed=67840/198450 batch_best=1.00069360
2026-09-12T21:20:22.862355+00:00 | PAIR checkpoint | processed=69120/198450 batch_best=0.99969368
2026-09-12T21:20:31.765042+00:00 | PAIR checkpoint | processed=70400/198450 batch_best=0.99806894
2026-09-12T21:20:41.798083+00:00 | PAIR checkpoint | processed=71680/198450 batch_best=0.99508963
2026-09-12T21:20:50.582228+00:00 | PAIR checkpoint | processed=72960/198450 batch_best=0.99522088
2026-09-12T21:21:03.647783+00:00 | PAIR checkpoint | processed=74240/198450 batch_best=0.99465069
2026-09-12T21:21:17.536329+00:00 | PAIR checkpoint | processed=75520/198450 batch_best=0.99413593
2026-09-12T21:21:30.787695+00:00 | PAIR checkpoint | processed=76800/198450 batch_best=1.00044139
2026-09-12T21:21:39.819459+00:00 | PAIR checkpoint | processed=78080/198450 batch_best=0.99424219
2026-09-12T21:21:50.278804+00:00 | PAIR checkpoint | processed=79360/198450 batch_best=1.00016290
2026-09-12T21:21:56.215411+00:00 | PAIR checkpoint | processed=80640/198450 batch_best=1.00138480
2026-09-12T21:22:02.226073+00:00 | PAIR checkpoint | processed=81920/198450 batch_best=1.00694425
2026-09-12T21:22:08.394785+00:00 | PAIR checkpoint | processed=83200/198450 batch_best=0.99564425
2026-09-12T21:22:14.717681+00:00 | PAIR checkpoint | processed=84480/198450 batch_best=0.99351492
2026-09-12T21:22:21.108876+00:00 | PAIR checkpoint | processed=85760/198450 batch_best=0.99532637
2026-09-12T21:22:28.071138+00:00 | PAIR checkpoint | processed=87040/198450 batch_best=0.99337384
2026-09-12T21:22:34.904874+00:00 | PAIR checkpoint | processed=88320/198450 batch_best=0.99340980
2026-09-12T21:22:41.889773+00:00 | PAIR checkpoint | processed=89600/198450 batch_best=0.99386189
2026-09-12T21:22:49.290066+00:00 | PAIR checkpoint | processed=90880/198450 batch_best=1.00181858
2026-09-12T21:22:56.419849+00:00 | PAIR checkpoint | processed=92160/198450 batch_best=1.00080750
2026-09-12T21:23:02.829655+00:00 | PAIR checkpoint | processed=93440/198450 batch_best=0.99927150
2026-09-12T21:23:09.481773+00:00 | PAIR checkpoint | processed=94720/198450 batch_best=0.99898791
2026-09-12T21:23:16.144862+00:00 | PAIR checkpoint | processed=96000/198450 batch_best=0.99568728
2026-09-12T21:23:26.916545+00:00 | PAIR checkpoint | processed=97280/198450 batch_best=1.00072270
2026-09-12T21:23:39.040361+00:00 | PAIR checkpoint | processed=98560/198450 batch_best=0.99798080
2026-09-12T21:23:46.390271+00:00 | PAIR checkpoint | processed=99840/198450 batch_best=0.99884215
2026-09-12T21:23:52.654919+00:00 | PAIR checkpoint | processed=101120/198450 batch_best=0.99474215
2026-09-12T21:24:01.896699+00:00 | PAIR checkpoint | processed=102400/198450 batch_best=0.99394321
2026-09-12T21:24:14.302161+00:00 | PAIR checkpoint | processed=103680/198450 batch_best=1.00126819
2026-09-12T21:24:20.726535+00:00 | PAIR checkpoint | processed=104960/198450 batch_best=1.00075628
2026-09-12T21:24:26.929884+00:00 | PAIR checkpoint | processed=106240/198450 batch_best=0.99964867
2026-09-12T21:24:32.986626+00:00 | PAIR checkpoint | processed=107520/198450 batch_best=1.00477688
2026-09-12T21:24:39.093974+00:00 | PAIR checkpoint | processed=108800/198450 batch_best=0.99948569
2026-09-12T21:24:45.160845+00:00 | PAIR checkpoint | processed=110080/198450 batch_best=0.99930099
2026-09-12T21:24:51.214930+00:00 | PAIR checkpoint | processed=111360/198450 batch_best=0.99426964
2026-09-12T21:24:57.325720+00:00 | PAIR checkpoint | processed=112640/198450 batch_best=0.99394505
2026-09-12T21:25:03.409247+00:00 | PAIR checkpoint | processed=113920/198450 batch_best=1.00238460
2026-09-12T21:25:09.494145+00:00 | PAIR checkpoint | processed=115200/198450 batch_best=0.99423054
2026-09-12T21:25:15.564622+00:00 | PAIR checkpoint | processed=116480/198450 batch_best=1.00117862
2026-09-12T21:25:21.703664+00:00 | PAIR checkpoint | processed=117760/198450 batch_best=0.99503405
2026-09-12T21:25:27.838623+00:00 | PAIR checkpoint | processed=119040/198450 batch_best=1.00138544
2026-09-12T21:25:33.849252+00:00 | PAIR checkpoint | processed=120320/198450 batch_best=1.00544838
2026-09-12T21:25:39.918358+00:00 | PAIR checkpoint | processed=121600/198450 batch_best=1.00878526
2026-09-12T21:25:45.956451+00:00 | PAIR checkpoint | processed=122880/198450 batch_best=1.00581057
2026-09-12T21:25:51.974168+00:00 | PAIR checkpoint | processed=124160/198450 batch_best=0.99677838
2026-09-12T21:25:58.036481+00:00 | PAIR checkpoint | processed=125440/198450 batch_best=0.99612168
2026-09-12T21:26:04.133869+00:00 | PAIR checkpoint | processed=126720/198450 batch_best=0.99480286
2026-09-12T21:26:10.147919+00:00 | PAIR checkpoint | processed=128000/198450 batch_best=0.99758552
2026-09-12T21:26:16.216016+00:00 | PAIR checkpoint | processed=129280/198450 batch_best=0.99684218
2026-09-12T21:26:22.252462+00:00 | PAIR checkpoint | processed=130560/198450 batch_best=0.99606147
2026-09-12T21:26:28.326174+00:00 | PAIR checkpoint | processed=131840/198450 batch_best=1.00264819
2026-09-12T21:26:34.374527+00:00 | PAIR checkpoint | processed=133120/198450 batch_best=1.00086434
2026-09-12T21:26:40.449721+00:00 | PAIR checkpoint | processed=134400/198450 batch_best=1.00925801
2026-09-12T21:26:46.471696+00:00 | PAIR checkpoint | processed=135680/198450 batch_best=0.99857283
2026-09-12T21:26:52.499723+00:00 | PAIR checkpoint | processed=136960/198450 batch_best=1.00136490
2026-09-12T21:26:58.656788+00:00 | PAIR checkpoint | processed=138240/198450 batch_best=0.99645107
2026-09-12T21:27:04.799227+00:00 | PAIR checkpoint | processed=139520/198450 batch_best=0.99663535
2026-09-12T21:27:10.886015+00:00 | PAIR checkpoint | processed=140800/198450 batch_best=0.99988449
2026-09-12T21:27:16.950496+00:00 | PAIR checkpoint | processed=142080/198450 batch_best=0.99782327
2026-09-12T21:27:23.023690+00:00 | PAIR checkpoint | processed=143360/198450 batch_best=1.00047720
2026-09-12T21:27:29.054935+00:00 | PAIR checkpoint | processed=144640/198450 batch_best=1.00961722
2026-09-12T21:27:35.116196+00:00 | PAIR checkpoint | processed=145920/198450 batch_best=1.01244735
2026-09-12T21:27:41.210359+00:00 | PAIR checkpoint | processed=147200/198450 batch_best=1.00950237
2026-09-12T21:27:47.213767+00:00 | PAIR checkpoint | processed=148480/198450 batch_best=1.00121015
2026-09-12T21:27:53.225550+00:00 | PAIR checkpoint | processed=149760/198450 batch_best=0.99971217
2026-09-12T21:27:59.275957+00:00 | PAIR checkpoint | processed=151040/198450 batch_best=0.99812577
2026-09-12T21:28:05.422415+00:00 | PAIR checkpoint | processed=152320/198450 batch_best=1.00021744
2026-09-12T21:28:11.563713+00:00 | PAIR checkpoint | processed=153600/198450 batch_best=1.00840110
2026-09-12T21:28:17.608975+00:00 | PAIR checkpoint | processed=154880/198450 batch_best=1.00822504
2026-09-12T21:28:23.726528+00:00 | PAIR checkpoint | processed=156160/198450 batch_best=1.00288498
2026-09-12T21:28:29.870575+00:00 | PAIR checkpoint | processed=157440/198450 batch_best=1.00303546
2026-09-12T21:28:35.962428+00:00 | PAIR checkpoint | processed=158720/198450 batch_best=1.00695423
2026-09-12T21:28:42.058366+00:00 | PAIR checkpoint | processed=160000/198450 batch_best=1.00865885
2026-09-12T21:28:48.124278+00:00 | PAIR checkpoint | processed=161280/198450 batch_best=1.01293897
2026-09-12T21:28:54.193044+00:00 | PAIR checkpoint | processed=162560/198450 batch_best=1.00467057
2026-09-12T21:29:00.303199+00:00 | PAIR checkpoint | processed=163840/198450 batch_best=1.00481930
2026-09-12T21:29:06.377135+00:00 | PAIR checkpoint | processed=165120/198450 batch_best=1.00989909
2026-09-12T21:29:12.398739+00:00 | PAIR checkpoint | processed=166400/198450 batch_best=1.00623456
2026-09-12T21:29:18.475816+00:00 | PAIR checkpoint | processed=167680/198450 batch_best=1.01428838
2026-09-12T21:29:24.546496+00:00 | PAIR checkpoint | processed=168960/198450 batch_best=1.01764501
2026-09-12T21:29:30.602051+00:00 | PAIR checkpoint | processed=170240/198450 batch_best=1.01683003
2026-09-12T21:29:36.610459+00:00 | PAIR checkpoint | processed=171520/198450 batch_best=1.02002948
2026-09-12T21:29:42.671150+00:00 | PAIR checkpoint | processed=172800/198450 batch_best=1.02019519
2026-09-12T21:29:48.704184+00:00 | PAIR checkpoint | processed=174080/198450 batch_best=1.02487050
2026-09-12T21:29:54.754446+00:00 | PAIR checkpoint | processed=175360/198450 batch_best=1.01962502
2026-09-12T21:30:00.788649+00:00 | PAIR checkpoint | processed=176640/198450 batch_best=1.01647266
2026-09-12T21:30:06.798677+00:00 | PAIR checkpoint | processed=177920/198450 batch_best=1.02060655
2026-09-12T21:30:12.850925+00:00 | PAIR checkpoint | processed=179200/198450 batch_best=1.01771525
2026-09-12T21:30:18.839548+00:00 | PAIR checkpoint | processed=180480/198450 batch_best=1.01959469
2026-09-12T21:30:24.860118+00:00 | PAIR checkpoint | processed=181760/198450 batch_best=1.02386995
2026-09-12T21:30:30.865972+00:00 | PAIR checkpoint | processed=183040/198450 batch_best=1.02688328
2026-09-12T21:30:36.903020+00:00 | PAIR checkpoint | processed=184320/198450 batch_best=1.02954989
2026-09-12T21:30:42.991334+00:00 | PAIR checkpoint | processed=185600/198450 batch_best=1.02825884
2026-09-12T21:30:49.094772+00:00 | PAIR checkpoint | processed=186880/198450 batch_best=1.02943360
2026-09-12T21:30:55.183547+00:00 | PAIR checkpoint | processed=188160/198450 batch_best=1.02974364
2026-09-12T21:31:01.272970+00:00 | PAIR checkpoint | processed=189440/198450 batch_best=1.02697144
2026-09-12T21:31:07.291788+00:00 | PAIR checkpoint | processed=190720/198450 batch_best=1.03338392
2026-09-12T21:31:13.349431+00:00 | PAIR checkpoint | processed=192000/198450 batch_best=1.03415516
2026-09-12T21:31:19.371133+00:00 | PAIR checkpoint | processed=193280/198450 batch_best=1.02784218
2026-09-12T21:31:25.391357+00:00 | PAIR checkpoint | processed=194560/198450 batch_best=1.02788267
2026-09-12T21:31:31.405359+00:00 | PAIR checkpoint | processed=195840/198450 batch_best=1.03738856
2026-09-12T21:31:37.403317+00:00 | PAIR checkpoint | processed=197120/198450 batch_best=1.03883796
2026-09-12T21:31:43.457223+00:00 | PAIR checkpoint | processed=198400/198450 batch_best=1.05259347
2026-09-12T21:31:43.698767+00:00 | PAIR checkpoint | processed=198450/198450 batch_best=1.08188672
2026-09-12T21:31:46.937581+00:00 | VALIDATION WINNER | home=671c8f6c42c7bf84430c away=15fad4fc350fd375711d composite=0.99019131
2026-09-12T21:31:48.900146+00:00 | COMPLETE | validation_composite=0.99019131 test_composite=0.98510869
