2026-09-12T00:01:31.259736+00:00 | START staged run-model search | root=C:\Users\Mat\Documents\GitHub\baseball_for_mat
2026-09-12T00:01:31.259736+00:00 | versions={"lightgbm":"4.7.0","lightgbm_import_error":null,"numpy":"2.5.2","pandas":"3.0.5","python":"3.12.10","scikit_learn":"1.9.1","scipy":"1.18.1","xgboost":"3.2.0","xgboost_import_error":null}
2026-09-12T00:01:31.339041+00:00 | HOME search | total=1328 already_done=0 baseline_poisson=2.41293119
2026-09-12T00:02:24.668954+00:00 | HOME checkpoint | this_run=20 saved=20 batch_best=2.48928639
2026-09-12T00:03:23.840751+00:00 | HOME checkpoint | this_run=40 saved=20 batch_best=2.48780330
2026-09-12T00:05:13.841037+00:00 | HOME checkpoint | this_run=60 saved=20 batch_best=2.39766813
2026-09-12T00:06:10.286528+00:00 | HOME checkpoint | this_run=80 saved=20 batch_best=2.40051767
2026-09-12T00:06:23.095249+00:00 | HOME checkpoint | this_run=100 saved=20 batch_best=2.40364582
2026-09-12T00:06:58.825849+00:00 | HOME checkpoint | this_run=120 saved=20 batch_best=2.53235859
2026-09-12T00:07:56.627868+00:00 | HOME checkpoint | this_run=140 saved=20 batch_best=2.39759303
2026-09-12T00:09:17.128507+00:00 | HOME checkpoint | this_run=160 saved=20 batch_best=2.47572814
2026-09-12T00:10:06.922642+00:00 | HOME checkpoint | this_run=180 saved=20 batch_best=2.58545133
2026-09-12T00:10:37.273023+00:00 | HOME checkpoint | this_run=200 saved=20 batch_best=2.56294513
2026-09-12T00:11:04.292031+00:00 | HOME checkpoint | this_run=220 saved=20 batch_best=2.52875386
2026-09-12T00:11:35.280943+00:00 | HOME checkpoint | this_run=240 saved=20 batch_best=2.45299041
2026-09-12T00:11:43.148050+00:00 | HOME checkpoint | this_run=260 saved=20 batch_best=2.40805559
2026-09-12T00:11:56.284555+00:00 | HOME checkpoint | this_run=280 saved=20 batch_best=2.55431407
2026-09-12T00:12:07.978313+00:00 | HOME checkpoint | this_run=300 saved=20 batch_best=2.45738022
2026-09-12T00:12:22.594918+00:00 | HOME checkpoint | this_run=320 saved=20 batch_best=2.52637504
2026-09-12T00:12:50.316499+00:00 | HOME checkpoint | this_run=340 saved=20 batch_best=2.51151337
2026-09-12T00:13:39.772679+00:00 | HOME checkpoint | this_run=360 saved=20 batch_best=2.50734072
2026-09-12T00:14:35.118291+00:00 | HOME checkpoint | this_run=380 saved=20 batch_best=2.52671902
2026-09-12T00:16:18.857364+00:00 | HOME checkpoint | this_run=400 saved=20 batch_best=2.40005360
2026-09-12T00:16:43.041582+00:00 | HOME checkpoint | this_run=420 saved=20 batch_best=2.39551866
2026-09-12T00:17:06.035620+00:00 | HOME checkpoint | this_run=440 saved=20 batch_best=2.42423468
2026-09-12T00:17:40.574567+00:00 | HOME checkpoint | this_run=460 saved=20 batch_best=2.54957960
2026-09-12T00:18:49.449481+00:00 | HOME checkpoint | this_run=480 saved=20 batch_best=2.42315183
2026-09-12T00:20:02.226293+00:00 | HOME checkpoint | this_run=500 saved=20 batch_best=2.49701515
2026-09-12T00:20:55.341592+00:00 | HOME checkpoint | this_run=520 saved=20 batch_best=2.51718568
2026-09-12T00:21:47.733094+00:00 | HOME checkpoint | this_run=540 saved=20 batch_best=2.44956729
2026-09-12T00:23:36.536547+00:00 | HOME checkpoint | this_run=560 saved=20 batch_best=2.39806407
2026-09-12T00:24:18.973902+00:00 | HOME checkpoint | this_run=580 saved=20 batch_best=2.40108762
2026-09-12T00:24:34.455575+00:00 | HOME checkpoint | this_run=600 saved=20 batch_best=2.40318659
2026-09-12T00:25:09.781135+00:00 | HOME checkpoint | this_run=620 saved=20 batch_best=2.50584948
2026-09-12T00:26:12.299620+00:00 | HOME checkpoint | this_run=640 saved=20 batch_best=2.41147930
2026-09-12T00:27:30.154732+00:00 | HOME checkpoint | this_run=660 saved=20 batch_best=2.47973663
2026-09-12T00:28:20.400345+00:00 | HOME checkpoint | this_run=680 saved=20 batch_best=2.61097466
2026-09-12T00:29:01.302823+00:00 | HOME checkpoint | this_run=700 saved=20 batch_best=2.56181009
2026-09-12T00:30:05.907566+00:00 | HOME checkpoint | this_run=720 saved=20 batch_best=2.43058107
2026-09-12T00:30:52.303789+00:00 | HOME checkpoint | this_run=740 saved=20 batch_best=2.42072208
2026-09-12T00:31:02.362939+00:00 | HOME checkpoint | this_run=760 saved=20 batch_best=2.39894287
2026-09-12T00:31:27.790141+00:00 | HOME checkpoint | this_run=780 saved=20 batch_best=2.60161222
2026-09-12T00:32:00.483451+00:00 | HOME checkpoint | this_run=800 saved=20 batch_best=2.48276306
2026-09-12T00:32:52.521171+00:00 | HOME checkpoint | this_run=820 saved=20 batch_best=2.56232580
2026-09-12T00:33:40.660084+00:00 | HOME checkpoint | this_run=840 saved=20 batch_best=2.49128542
2026-09-12T00:34:23.071770+00:00 | HOME checkpoint | this_run=860 saved=20 batch_best=2.46250973
2026-09-12T00:35:11.409358+00:00 | HOME checkpoint | this_run=880 saved=20 batch_best=2.45465280
2026-09-12T00:36:12.308257+00:00 | HOME checkpoint | this_run=900 saved=20 batch_best=2.41846963
2026-09-12T00:36:27.706886+00:00 | HOME checkpoint | this_run=920 saved=20 batch_best=2.41621245
2026-09-12T00:36:46.146624+00:00 | HOME checkpoint | this_run=940 saved=20 batch_best=2.41552165
2026-09-12T00:37:09.558051+00:00 | HOME checkpoint | this_run=960 saved=20 batch_best=2.55185751
2026-09-12T00:37:53.561918+00:00 | HOME checkpoint | this_run=980 saved=20 batch_best=2.41598691
2026-09-12T00:38:33.502007+00:00 | HOME checkpoint | this_run=1000 saved=20 batch_best=2.45605620
2026-09-12T00:39:17.150776+00:00 | HOME checkpoint | this_run=1020 saved=20 batch_best=2.66064033
2026-09-12T00:39:54.482256+00:00 | HOME checkpoint | this_run=1040 saved=20 batch_best=2.58865523
2026-09-12T00:41:00.585757+00:00 | HOME checkpoint | this_run=1060 saved=20 batch_best=2.43926893
2026-09-12T00:41:24.543402+00:00 | HOME checkpoint | this_run=1080 saved=20 batch_best=2.42881648
2026-09-12T00:41:36.412770+00:00 | HOME checkpoint | this_run=1100 saved=20 batch_best=2.40805225
2026-09-12T00:42:00.703277+00:00 | HOME checkpoint | this_run=1120 saved=20 batch_best=2.76126659
2026-09-12T00:42:38.091179+00:00 | HOME checkpoint | this_run=1140 saved=20 batch_best=2.50782899
2026-09-12T00:43:23.945094+00:00 | HOME checkpoint | this_run=1160 saved=20 batch_best=2.60554999
2026-09-12T00:44:03.597677+00:00 | HOME checkpoint | this_run=1180 saved=20 batch_best=2.53533813
2026-09-12T00:44:42.302749+00:00 | HOME checkpoint | this_run=1200 saved=20 batch_best=2.51506293
2026-09-12T00:45:39.958530+00:00 | HOME checkpoint | this_run=1220 saved=20 batch_best=2.44593902
2026-09-12T00:46:17.285478+00:00 | HOME checkpoint | this_run=1240 saved=20 batch_best=2.42584954
2026-09-12T00:46:25.139180+00:00 | HOME checkpoint | this_run=1260 saved=20 batch_best=2.43075782
2026-09-12T00:46:46.529225+00:00 | HOME checkpoint | this_run=1280 saved=20 batch_best=2.65011626
2026-09-12T00:47:15.293633+00:00 | HOME checkpoint | this_run=1300 saved=20 batch_best=2.43079051
2026-09-12T00:47:52.186775+00:00 | HOME checkpoint | this_run=1320 saved=20 batch_best=2.50040753
2026-09-12T00:48:05.575450+00:00 | HOME candidate search stored | rows=1328 ok=1308 failed=20
2026-09-12T00:48:05.580455+00:00 | AWAY search | total=1328 already_done=0 baseline_poisson=2.41466861
2026-09-12T00:48:55.665438+00:00 | AWAY checkpoint | this_run=20 saved=20 batch_best=2.54514293
2026-09-12T00:49:52.280564+00:00 | AWAY checkpoint | this_run=40 saved=20 batch_best=2.54336755
2026-09-12T00:51:35.662743+00:00 | AWAY checkpoint | this_run=60 saved=20 batch_best=2.43272893
2026-09-12T00:52:30.074225+00:00 | AWAY checkpoint | this_run=80 saved=20 batch_best=2.41141212
2026-09-12T00:52:43.240881+00:00 | AWAY checkpoint | this_run=100 saved=20 batch_best=2.39713617
2026-09-12T00:53:18.343992+00:00 | AWAY checkpoint | this_run=120 saved=20 batch_best=2.63267421
2026-09-12T00:54:15.889135+00:00 | AWAY checkpoint | this_run=140 saved=20 batch_best=2.46925465
2026-09-12T00:55:37.227112+00:00 | AWAY checkpoint | this_run=160 saved=20 batch_best=2.54306474
2026-09-12T00:56:24.370477+00:00 | AWAY checkpoint | this_run=180 saved=20 batch_best=2.53225040
2026-09-12T00:56:54.508646+00:00 | AWAY checkpoint | this_run=200 saved=20 batch_best=2.52740937
2026-09-12T00:57:26.828905+00:00 | AWAY checkpoint | this_run=220 saved=20 batch_best=2.57057444
2026-09-12T00:57:57.540674+00:00 | AWAY checkpoint | this_run=240 saved=20 batch_best=2.44445075
2026-09-12T00:58:05.298351+00:00 | AWAY checkpoint | this_run=260 saved=20 batch_best=2.38747386
2026-09-12T00:58:18.562914+00:00 | AWAY checkpoint | this_run=280 saved=20 batch_best=2.55505992
2026-09-12T00:58:30.553150+00:00 | AWAY checkpoint | this_run=300 saved=20 batch_best=2.46801238
2026-09-12T00:58:44.823261+00:00 | AWAY checkpoint | this_run=320 saved=20 batch_best=2.51585985
2026-09-12T00:59:12.073892+00:00 | AWAY checkpoint | this_run=340 saved=20 batch_best=2.51530897
2026-09-12T01:00:00.640637+00:00 | AWAY checkpoint | this_run=360 saved=20 batch_best=2.64835673
2026-09-12T01:00:55.631226+00:00 | AWAY checkpoint | this_run=380 saved=20 batch_best=2.64459919
2026-09-12T01:02:37.696126+00:00 | AWAY checkpoint | this_run=400 saved=20 batch_best=2.47081153
2026-09-12T01:03:01.559334+00:00 | AWAY checkpoint | this_run=420 saved=20 batch_best=2.44966143
2026-09-12T01:03:24.459179+00:00 | AWAY checkpoint | this_run=440 saved=20 batch_best=2.45989867
2026-09-12T01:03:58.811779+00:00 | AWAY checkpoint | this_run=460 saved=20 batch_best=2.72000941
2026-09-12T01:05:09.690204+00:00 | AWAY checkpoint | this_run=480 saved=20 batch_best=2.57159204
2026-09-12T01:06:25.480467+00:00 | AWAY checkpoint | this_run=500 saved=20 batch_best=2.55806109
2026-09-12T01:07:18.478977+00:00 | AWAY checkpoint | this_run=520 saved=20 batch_best=2.58534891
2026-09-12T01:08:10.934723+00:00 | AWAY checkpoint | this_run=540 saved=20 batch_best=2.52771701
2026-09-12T01:09:57.179249+00:00 | AWAY checkpoint | this_run=560 saved=20 batch_best=2.42401434
2026-09-12T01:10:40.360147+00:00 | AWAY checkpoint | this_run=580 saved=20 batch_best=2.41453913
2026-09-12T01:10:55.790182+00:00 | AWAY checkpoint | this_run=600 saved=20 batch_best=2.39700555
2026-09-12T01:11:31.363362+00:00 | AWAY checkpoint | this_run=620 saved=20 batch_best=2.59152784
2026-09-12T01:12:34.503414+00:00 | AWAY checkpoint | this_run=640 saved=20 batch_best=2.46691207
2026-09-12T01:13:55.277217+00:00 | AWAY checkpoint | this_run=660 saved=20 batch_best=2.53580983
2026-09-12T01:14:45.479818+00:00 | AWAY checkpoint | this_run=680 saved=20 batch_best=2.54292030
2026-09-12T01:15:27.255567+00:00 | AWAY checkpoint | this_run=700 saved=20 batch_best=2.55566536
2026-09-12T01:16:24.808164+00:00 | AWAY checkpoint | this_run=720 saved=20 batch_best=2.44414243
2026-09-12T01:17:11.583352+00:00 | AWAY checkpoint | this_run=740 saved=20 batch_best=2.41412062
2026-09-12T01:17:21.770993+00:00 | AWAY checkpoint | this_run=760 saved=20 batch_best=2.39375584
2026-09-12T01:17:46.972417+00:00 | AWAY checkpoint | this_run=780 saved=20 batch_best=2.53384726
2026-09-12T01:18:15.875692+00:00 | AWAY checkpoint | this_run=800 saved=20 batch_best=2.48647722
2026-09-12T01:19:07.653536+00:00 | AWAY checkpoint | this_run=820 saved=20 batch_best=2.54419589
2026-09-12T01:19:55.228879+00:00 | AWAY checkpoint | this_run=840 saved=20 batch_best=2.58415113
2026-09-12T01:20:36.982288+00:00 | AWAY checkpoint | this_run=860 saved=20 batch_best=2.57275967
2026-09-12T01:21:25.549681+00:00 | AWAY checkpoint | this_run=880 saved=20 batch_best=2.46921599
2026-09-12T01:22:27.181141+00:00 | AWAY checkpoint | this_run=900 saved=20 batch_best=2.42372441
2026-09-12T01:22:42.514947+00:00 | AWAY checkpoint | this_run=920 saved=20 batch_best=2.39683635
2026-09-12T01:23:01.261279+00:00 | AWAY checkpoint | this_run=940 saved=20 batch_best=2.39839599
2026-09-12T01:23:24.138473+00:00 | AWAY checkpoint | this_run=960 saved=20 batch_best=2.67953770
2026-09-12T01:24:08.036626+00:00 | AWAY checkpoint | this_run=980 saved=20 batch_best=2.49505391
2026-09-12T01:24:48.232350+00:00 | AWAY checkpoint | this_run=1000 saved=20 batch_best=2.54802236
2026-09-12T01:25:32.170492+00:00 | AWAY checkpoint | this_run=1020 saved=20 batch_best=2.62683465
2026-09-12T01:26:05.648953+00:00 | AWAY checkpoint | this_run=1040 saved=20 batch_best=2.60870644
2026-09-12T01:27:08.091764+00:00 | AWAY checkpoint | this_run=1060 saved=20 batch_best=2.49067733
2026-09-12T01:27:32.005458+00:00 | AWAY checkpoint | this_run=1080 saved=20 batch_best=2.45878360
2026-09-12T01:27:44.025892+00:00 | AWAY checkpoint | this_run=1100 saved=20 batch_best=2.45087100
2026-09-12T01:28:07.388526+00:00 | AWAY checkpoint | this_run=1120 saved=20 batch_best=2.69545631
2026-09-12T01:28:44.251528+00:00 | AWAY checkpoint | this_run=1140 saved=20 batch_best=2.55221627
2026-09-12T01:29:29.217887+00:00 | AWAY checkpoint | this_run=1160 saved=20 batch_best=2.65362748
2026-09-12T01:30:09.368478+00:00 | AWAY checkpoint | this_run=1180 saved=20 batch_best=2.69401799
2026-09-12T01:30:48.368471+00:00 | AWAY checkpoint | this_run=1200 saved=20 batch_best=2.68738744
2026-09-12T01:31:43.480875+00:00 | AWAY checkpoint | this_run=1220 saved=20 batch_best=2.52573000
2026-09-12T01:32:20.587943+00:00 | AWAY checkpoint | this_run=1240 saved=20 batch_best=2.49037564
2026-09-12T01:32:28.368462+00:00 | AWAY checkpoint | this_run=1260 saved=20 batch_best=2.46583085
2026-09-12T01:32:49.522209+00:00 | AWAY checkpoint | this_run=1280 saved=20 batch_best=2.79003948
2026-09-12T01:33:17.357019+00:00 | AWAY checkpoint | this_run=1300 saved=20 batch_best=2.58429777
2026-09-12T01:33:54.742320+00:00 | AWAY checkpoint | this_run=1320 saved=20 batch_best=2.66782091
2026-09-12T01:34:08.795665+00:00 | AWAY candidate search stored | rows=1328 ok=1284 failed=44
2026-09-12T01:34:08.865582+00:00 | REFINEMENT PLAN | home_seeds=17 home_configs=344 away_seeds=22 away_configs=246
2026-09-12T01:34:08.870592+00:00 | HOME refined search | total=344 already_done=0 baseline_poisson=2.41293119
2026-09-12T01:35:01.204154+00:00 | HOME refined checkpoint | this_run=20 saved=20 batch_best=2.39551866
2026-09-12T01:35:37.433039+00:00 | HOME refined checkpoint | this_run=40 saved=20 batch_best=2.38965971
2026-09-12T01:36:10.168747+00:00 | HOME refined checkpoint | this_run=60 saved=20 batch_best=2.39592311
2026-09-12T01:36:52.406472+00:00 | HOME refined checkpoint | this_run=80 saved=20 batch_best=2.39671828
2026-09-12T01:37:31.836323+00:00 | HOME refined checkpoint | this_run=100 saved=20 batch_best=2.39631992
2026-09-12T01:38:28.565396+00:00 | HOME refined checkpoint | this_run=120 saved=20 batch_best=2.39766813
2026-09-12T01:40:20.844489+00:00 | HOME refined checkpoint | this_run=140 saved=20 batch_best=2.39372187
2026-09-12T01:42:03.114865+00:00 | HOME refined checkpoint | this_run=160 saved=20 batch_best=2.38832021
2026-09-12T01:42:46.795278+00:00 | HOME refined checkpoint | this_run=180 saved=20 batch_best=2.39631971
2026-09-12T01:45:05.017607+00:00 | HOME refined checkpoint | this_run=200 saved=20 batch_best=2.39660599
2026-09-12T01:46:56.582202+00:00 | HOME refined checkpoint | this_run=220 saved=20 batch_best=2.38533961
2026-09-12T01:48:46.152896+00:00 | HOME refined checkpoint | this_run=240 saved=20 batch_best=2.38581398
2026-09-12T01:50:29.135323+00:00 | HOME refined checkpoint | this_run=260 saved=20 batch_best=2.39530561
2026-09-12T01:50:30.459445+00:00 | HOME refined checkpoint | this_run=280 saved=20 batch_best=2.40236391
2026-09-12T01:50:56.509250+00:00 | HOME refined checkpoint | this_run=300 saved=20 batch_best=2.41513778
2026-09-12T01:51:42.291641+00:00 | HOME refined checkpoint | this_run=320 saved=20 batch_best=2.42510105
2026-09-12T01:52:12.675712+00:00 | HOME refined checkpoint | this_run=340 saved=20 batch_best=2.41650363
2026-09-12T01:52:18.141487+00:00 | HOME refined stored | rows=344 ok=344 failed=0
2026-09-12T01:52:18.146493+00:00 | AWAY refined search | total=246 already_done=0 baseline_poisson=2.41466861
2026-09-12T01:52:19.205450+00:00 | AWAY refined checkpoint | this_run=20 saved=20 batch_best=2.38729724
2026-09-12T01:52:20.204261+00:00 | AWAY refined checkpoint | this_run=40 saved=20 batch_best=2.38753272
2026-09-12T01:52:21.095127+00:00 | AWAY refined checkpoint | this_run=60 saved=20 batch_best=2.38804547
2026-09-12T01:52:21.896343+00:00 | AWAY refined checkpoint | this_run=80 saved=20 batch_best=2.38882505
2026-09-12T01:52:23.244168+00:00 | AWAY refined checkpoint | this_run=100 saved=20 batch_best=2.39015449
2026-09-12T01:52:24.613996+00:00 | AWAY refined checkpoint | this_run=120 saved=20 batch_best=2.39696213
2026-09-12T01:53:23.479276+00:00 | AWAY refined checkpoint | this_run=140 saved=20 batch_best=2.40423368
2026-09-12T01:54:48.575408+00:00 | AWAY refined checkpoint | this_run=160 saved=20 batch_best=2.42047007
2026-09-12T01:54:55.618381+00:00 | AWAY refined checkpoint | this_run=180 saved=20 batch_best=2.44469763
2026-09-12T01:55:39.575505+00:00 | AWAY refined checkpoint | this_run=200 saved=20 batch_best=2.42741295
2026-09-12T01:56:04.200467+00:00 | AWAY refined checkpoint | this_run=220 saved=20 batch_best=2.46051182
2026-09-12T01:56:28.154481+00:00 | AWAY refined checkpoint | this_run=240 saved=20 batch_best=2.46519460
2026-09-12T01:56:35.164837+00:00 | AWAY refined stored | rows=246 ok=246 failed=0
2026-09-12T01:56:35.210014+00:00 | CANDIDATE TOTALS | home=1608 away=1516
2026-09-12T01:58:07.561327+00:00 | HOME OOF shortlist predictions 25/452
2026-09-12T02:00:14.218211+00:00 | HOME OOF shortlist predictions 50/452
2026-09-12T02:02:08.781865+00:00 | HOME OOF shortlist predictions 75/452
2026-09-12T02:03:55.904803+00:00 | HOME OOF shortlist predictions 100/452
2026-09-12T02:04:58.462392+00:00 | HOME OOF shortlist predictions 125/452
2026-09-12T02:05:59.054204+00:00 | HOME OOF shortlist predictions 150/452
2026-09-12T02:06:58.593394+00:00 | HOME OOF shortlist predictions 175/452
2026-09-12T02:07:39.899294+00:00 | HOME OOF shortlist predictions 200/452
2026-09-12T02:08:12.909870+00:00 | HOME OOF shortlist predictions 225/452
2026-09-12T02:09:15.445969+00:00 | HOME OOF shortlist predictions 250/452
2026-09-12T02:10:04.111114+00:00 | HOME OOF shortlist predictions 275/452
2026-09-12T02:10:40.978328+00:00 | HOME OOF shortlist predictions 300/452
2026-09-12T02:11:13.211101+00:00 | HOME OOF shortlist predictions 325/452
2026-09-12T02:11:52.344335+00:00 | HOME OOF shortlist predictions 350/452
2026-09-12T02:12:22.380854+00:00 | HOME OOF shortlist predictions 375/452
2026-09-12T02:12:52.710963+00:00 | HOME OOF shortlist predictions 400/452
2026-09-12T02:13:26.630046+00:00 | HOME OOF shortlist predictions 425/452
2026-09-12T02:13:56.736362+00:00 | HOME OOF shortlist predictions 450/452
2026-09-12T02:13:58.814110+00:00 | HOME OOF shortlist predictions 452/452
2026-09-12T02:14:00.140364+00:00 | AWAY OOF shortlist predictions 25/437
2026-09-12T02:14:01.285518+00:00 | AWAY OOF shortlist predictions 50/437
2026-09-12T02:14:02.268039+00:00 | AWAY OOF shortlist predictions 75/437
2026-09-12T02:14:03.592209+00:00 | AWAY OOF shortlist predictions 100/437
2026-09-12T02:14:05.573021+00:00 | AWAY OOF shortlist predictions 125/437
2026-09-12T02:14:26.169373+00:00 | AWAY OOF shortlist predictions 150/437
2026-09-12T02:15:25.271534+00:00 | AWAY OOF shortlist predictions 175/437
2026-09-12T02:16:44.130496+00:00 | AWAY OOF shortlist predictions 200/437
2026-09-12T02:18:01.034939+00:00 | AWAY OOF shortlist predictions 225/437
2026-09-12T02:19:00.317764+00:00 | AWAY OOF shortlist predictions 250/437
2026-09-12T02:20:24.490151+00:00 | AWAY OOF shortlist predictions 275/437
2026-09-12T02:21:25.738135+00:00 | AWAY OOF shortlist predictions 300/437
2026-09-12T02:21:46.451488+00:00 | AWAY OOF shortlist predictions 325/437
2026-09-12T02:22:33.930163+00:00 | AWAY OOF shortlist predictions 350/437
2026-09-12T02:23:22.902002+00:00 | AWAY OOF shortlist predictions 375/437
2026-09-12T02:23:59.434489+00:00 | AWAY OOF shortlist predictions 400/437
2026-09-12T02:24:38.712737+00:00 | AWAY OOF shortlist predictions 425/437
2026-09-12T02:24:53.580858+00:00 | AWAY OOF shortlist predictions 437/437
2026-09-12T02:24:53.583874+00:00 | PAIR search | home=452 away=437 total=197524 already_done=0
2026-09-12T02:25:02.514134+00:00 | PAIR checkpoint | processed=1280/197524 batch_best=1.00114584
2026-09-12T02:25:11.436917+00:00 | PAIR checkpoint | processed=2560/197524 batch_best=0.99753924
2026-09-12T02:25:20.363558+00:00 | PAIR checkpoint | processed=3840/197524 batch_best=0.99852209
2026-09-12T02:25:29.307078+00:00 | PAIR checkpoint | processed=5120/197524 batch_best=0.99891354
2026-09-12T02:25:38.232972+00:00 | PAIR checkpoint | processed=6400/197524 batch_best=0.99693521
2026-09-12T02:25:47.170152+00:00 | PAIR checkpoint | processed=7680/197524 batch_best=0.99838974
2026-09-12T02:25:56.135453+00:00 | PAIR checkpoint | processed=8960/197524 batch_best=0.99245283
2026-09-12T02:26:05.065653+00:00 | PAIR checkpoint | processed=10240/197524 batch_best=0.99618183
2026-09-12T02:26:13.992132+00:00 | PAIR checkpoint | processed=11520/197524 batch_best=0.99427054
2026-09-12T02:26:22.913696+00:00 | PAIR checkpoint | processed=12800/197524 batch_best=0.99347532
2026-09-12T02:26:31.868241+00:00 | PAIR checkpoint | processed=14080/197524 batch_best=0.99870998
2026-09-12T02:26:40.805302+00:00 | PAIR checkpoint | processed=15360/197524 batch_best=0.99456841
2026-09-12T02:26:49.742761+00:00 | PAIR checkpoint | processed=16640/197524 batch_best=0.99929591
2026-09-12T02:26:58.723145+00:00 | PAIR checkpoint | processed=17920/197524 batch_best=0.99461427
2026-09-12T02:27:07.657257+00:00 | PAIR checkpoint | processed=19200/197524 batch_best=1.00181870
2026-09-12T02:27:16.595230+00:00 | PAIR checkpoint | processed=20480/197524 batch_best=1.00117747
2026-09-12T02:27:25.529086+00:00 | PAIR checkpoint | processed=21760/197524 batch_best=1.00028455
2026-09-12T02:27:34.443770+00:00 | PAIR checkpoint | processed=23040/197524 batch_best=0.99435968
2026-09-12T02:27:43.367180+00:00 | PAIR checkpoint | processed=24320/197524 batch_best=1.00038169
2026-09-12T02:27:52.293947+00:00 | PAIR checkpoint | processed=25600/197524 batch_best=0.99287437
2026-09-12T02:28:01.222078+00:00 | PAIR checkpoint | processed=26880/197524 batch_best=0.99746208
2026-09-12T02:28:10.143803+00:00 | PAIR checkpoint | processed=28160/197524 batch_best=0.99479739
2026-09-12T02:28:19.076815+00:00 | PAIR checkpoint | processed=29440/197524 batch_best=0.99500685
2026-09-12T02:28:28.025633+00:00 | PAIR checkpoint | processed=30720/197524 batch_best=0.99374089
2026-09-12T02:28:36.953215+00:00 | PAIR checkpoint | processed=32000/197524 batch_best=0.99717925
2026-09-12T02:28:45.885931+00:00 | PAIR checkpoint | processed=33280/197524 batch_best=0.99806157
2026-09-12T02:28:54.839582+00:00 | PAIR checkpoint | processed=34560/197524 batch_best=0.99988352
2026-09-12T02:29:03.769569+00:00 | PAIR checkpoint | processed=35840/197524 batch_best=0.99550063
2026-09-12T02:29:12.690639+00:00 | PAIR checkpoint | processed=37120/197524 batch_best=1.00066944
2026-09-12T02:29:21.620590+00:00 | PAIR checkpoint | processed=38400/197524 batch_best=0.99843463
2026-09-12T02:29:30.572186+00:00 | PAIR checkpoint | processed=39680/197524 batch_best=0.99897883
2026-09-12T02:29:39.494678+00:00 | PAIR checkpoint | processed=40960/197524 batch_best=1.00093804
2026-09-12T02:29:48.413010+00:00 | PAIR checkpoint | processed=42240/197524 batch_best=0.99872101
2026-09-12T02:29:57.365763+00:00 | PAIR checkpoint | processed=43520/197524 batch_best=0.99958614
2026-09-12T02:30:06.312576+00:00 | PAIR checkpoint | processed=44800/197524 batch_best=0.99300020
2026-09-12T02:30:15.237707+00:00 | PAIR checkpoint | processed=46080/197524 batch_best=0.99331911
2026-09-12T02:30:24.170518+00:00 | PAIR checkpoint | processed=47360/197524 batch_best=0.99860691
2026-09-12T02:30:33.107613+00:00 | PAIR checkpoint | processed=48640/197524 batch_best=0.99501080
2026-09-12T02:30:42.031386+00:00 | PAIR checkpoint | processed=49920/197524 batch_best=0.99260225
2026-09-12T02:30:50.953432+00:00 | PAIR checkpoint | processed=51200/197524 batch_best=0.99306162
2026-09-12T02:30:59.897786+00:00 | PAIR checkpoint | processed=52480/197524 batch_best=1.00049724
2026-09-12T02:31:08.817823+00:00 | PAIR checkpoint | processed=53760/197524 batch_best=0.99589263
2026-09-12T02:31:17.738430+00:00 | PAIR checkpoint | processed=55040/197524 batch_best=1.00144646
2026-09-12T02:31:26.693755+00:00 | PAIR checkpoint | processed=56320/197524 batch_best=1.00006012
2026-09-12T02:31:35.641101+00:00 | PAIR checkpoint | processed=57600/197524 batch_best=1.00507849
2026-09-12T02:31:44.582233+00:00 | PAIR checkpoint | processed=58880/197524 batch_best=1.00407892
2026-09-12T02:31:53.534928+00:00 | PAIR checkpoint | processed=60160/197524 batch_best=1.00116284
2026-09-12T02:32:02.475432+00:00 | PAIR checkpoint | processed=61440/197524 batch_best=0.99657454
2026-09-12T02:32:11.395209+00:00 | PAIR checkpoint | processed=62720/197524 batch_best=1.00099389
2026-09-12T02:32:20.324765+00:00 | PAIR checkpoint | processed=64000/197524 batch_best=0.99448328
2026-09-12T02:32:29.280000+00:00 | PAIR checkpoint | processed=65280/197524 batch_best=0.99433404
2026-09-12T02:32:38.198751+00:00 | PAIR checkpoint | processed=66560/197524 batch_best=0.99940976
2026-09-12T02:32:47.132566+00:00 | PAIR checkpoint | processed=67840/197524 batch_best=0.99602025
2026-09-12T02:32:56.080605+00:00 | PAIR checkpoint | processed=69120/197524 batch_best=1.00172095
2026-09-12T02:33:05.034901+00:00 | PAIR checkpoint | processed=70400/197524 batch_best=1.00116377
2026-09-12T02:33:13.980142+00:00 | PAIR checkpoint | processed=71680/197524 batch_best=1.00018400
2026-09-12T02:33:22.928520+00:00 | PAIR checkpoint | processed=72960/197524 batch_best=1.00645238
2026-09-12T02:33:31.876969+00:00 | PAIR checkpoint | processed=74240/197524 batch_best=1.00067533
2026-09-12T02:33:40.794374+00:00 | PAIR checkpoint | processed=75520/197524 batch_best=0.99907603
2026-09-12T02:33:49.712607+00:00 | PAIR checkpoint | processed=76800/197524 batch_best=1.00441564
2026-09-12T02:33:58.679796+00:00 | PAIR checkpoint | processed=78080/197524 batch_best=1.00272455
2026-09-12T02:34:07.610906+00:00 | PAIR checkpoint | processed=79360/197524 batch_best=0.99587011
2026-09-12T02:34:16.528850+00:00 | PAIR checkpoint | processed=80640/197524 batch_best=0.99518466
2026-09-12T02:34:25.478494+00:00 | PAIR checkpoint | processed=81920/197524 batch_best=0.99774000
2026-09-12T02:34:34.406126+00:00 | PAIR checkpoint | processed=83200/197524 batch_best=0.99575351
2026-09-12T02:34:43.319109+00:00 | PAIR checkpoint | processed=84480/197524 batch_best=1.00277530
2026-09-12T02:34:52.258535+00:00 | PAIR checkpoint | processed=85760/197524 batch_best=0.99378262
2026-09-12T02:35:01.173557+00:00 | PAIR checkpoint | processed=87040/197524 batch_best=0.99383908
2026-09-12T02:35:10.101846+00:00 | PAIR checkpoint | processed=88320/197524 batch_best=0.99639548
2026-09-12T02:35:19.029002+00:00 | PAIR checkpoint | processed=89600/197524 batch_best=0.99669931
2026-09-12T02:35:27.968921+00:00 | PAIR checkpoint | processed=90880/197524 batch_best=1.00055139
2026-09-12T02:35:36.885458+00:00 | PAIR checkpoint | processed=92160/197524 batch_best=0.99883774
2026-09-12T02:35:45.799715+00:00 | PAIR checkpoint | processed=93440/197524 batch_best=0.99857655
2026-09-12T02:35:54.734305+00:00 | PAIR checkpoint | processed=94720/197524 batch_best=0.99904533
2026-09-12T02:36:03.655480+00:00 | PAIR checkpoint | processed=96000/197524 batch_best=0.99601323
2026-09-12T02:36:12.577688+00:00 | PAIR checkpoint | processed=97280/197524 batch_best=0.99683826
2026-09-12T02:36:21.499183+00:00 | PAIR checkpoint | processed=98560/197524 batch_best=0.99539873
2026-09-12T02:36:30.455194+00:00 | PAIR checkpoint | processed=99840/197524 batch_best=0.99373350
2026-09-12T02:36:39.388554+00:00 | PAIR checkpoint | processed=101120/197524 batch_best=1.00189232
2026-09-12T02:36:48.324663+00:00 | PAIR checkpoint | processed=102400/197524 batch_best=0.99475468
2026-09-12T02:36:57.255650+00:00 | PAIR checkpoint | processed=103680/197524 batch_best=0.99985829
2026-09-12T02:37:06.195191+00:00 | PAIR checkpoint | processed=104960/197524 batch_best=1.00002175
2026-09-12T02:37:15.146604+00:00 | PAIR checkpoint | processed=106240/197524 batch_best=0.99774029
2026-09-12T02:37:24.091342+00:00 | PAIR checkpoint | processed=107520/197524 batch_best=1.00083304
2026-09-12T02:37:33.024897+00:00 | PAIR checkpoint | processed=108800/197524 batch_best=1.00120189
2026-09-12T02:37:41.962324+00:00 | PAIR checkpoint | processed=110080/197524 batch_best=1.00749975
2026-09-12T02:37:50.876805+00:00 | PAIR checkpoint | processed=111360/197524 batch_best=0.99956667
2026-09-12T02:37:59.838399+00:00 | PAIR checkpoint | processed=112640/197524 batch_best=1.00660661
2026-09-12T02:38:08.787629+00:00 | PAIR checkpoint | processed=113920/197524 batch_best=0.99606581
2026-09-12T02:38:17.696929+00:00 | PAIR checkpoint | processed=115200/197524 batch_best=0.99618099
2026-09-12T02:38:26.661091+00:00 | PAIR checkpoint | processed=116480/197524 batch_best=1.00194518
2026-09-12T02:38:35.601870+00:00 | PAIR checkpoint | processed=117760/197524 batch_best=1.00285520
2026-09-12T02:38:44.541354+00:00 | PAIR checkpoint | processed=119040/197524 batch_best=0.99938239
2026-09-12T02:38:53.472043+00:00 | PAIR checkpoint | processed=120320/197524 batch_best=0.99392879
2026-09-12T02:39:02.407565+00:00 | PAIR checkpoint | processed=121600/197524 batch_best=1.00286564
2026-09-12T02:39:11.331281+00:00 | PAIR checkpoint | processed=122880/197524 batch_best=1.00180838
2026-09-12T02:39:20.274327+00:00 | PAIR checkpoint | processed=124160/197524 batch_best=1.00430942
2026-09-12T02:39:29.243032+00:00 | PAIR checkpoint | processed=125440/197524 batch_best=1.00469143
2026-09-12T02:39:38.149206+00:00 | PAIR checkpoint | processed=126720/197524 batch_best=1.00267736
2026-09-12T02:39:47.083772+00:00 | PAIR checkpoint | processed=128000/197524 batch_best=1.00068299
2026-09-12T02:39:56.031632+00:00 | PAIR checkpoint | processed=129280/197524 batch_best=1.00022834
2026-09-12T02:40:04.946191+00:00 | PAIR checkpoint | processed=130560/197524 batch_best=0.99994771
2026-09-12T02:40:13.863352+00:00 | PAIR checkpoint | processed=131840/197524 batch_best=0.99749875
2026-09-12T02:40:22.799846+00:00 | PAIR checkpoint | processed=133120/197524 batch_best=1.00313632
2026-09-12T02:40:31.755646+00:00 | PAIR checkpoint | processed=134400/197524 batch_best=0.99741681
2026-09-12T02:40:40.679093+00:00 | PAIR checkpoint | processed=135680/197524 batch_best=0.99672090
2026-09-12T02:40:49.612342+00:00 | PAIR checkpoint | processed=136960/197524 batch_best=0.99924150
2026-09-12T02:40:58.549797+00:00 | PAIR checkpoint | processed=138240/197524 batch_best=0.99646961
2026-09-12T02:41:07.479603+00:00 | PAIR checkpoint | processed=139520/197524 batch_best=0.99774032
2026-09-12T02:41:16.410156+00:00 | PAIR checkpoint | processed=140800/197524 batch_best=1.00163986
2026-09-12T02:41:25.369761+00:00 | PAIR checkpoint | processed=142080/197524 batch_best=1.00213390
2026-09-12T02:41:34.298384+00:00 | PAIR checkpoint | processed=143360/197524 batch_best=0.99790409
2026-09-12T02:41:43.218393+00:00 | PAIR checkpoint | processed=144640/197524 batch_best=1.00413158
2026-09-12T02:41:52.166226+00:00 | PAIR checkpoint | processed=145920/197524 batch_best=1.00573824
2026-09-12T02:42:01.171989+00:00 | PAIR checkpoint | processed=147200/197524 batch_best=1.00448902
2026-09-12T02:42:10.104740+00:00 | PAIR checkpoint | processed=148480/197524 batch_best=1.00551205
2026-09-12T02:42:19.038375+00:00 | PAIR checkpoint | processed=149760/197524 batch_best=0.99980678
2026-09-12T02:42:27.984518+00:00 | PAIR checkpoint | processed=151040/197524 batch_best=1.00844478
2026-09-12T02:42:36.903826+00:00 | PAIR checkpoint | processed=152320/197524 batch_best=1.00053936
2026-09-12T02:42:45.835811+00:00 | PAIR checkpoint | processed=153600/197524 batch_best=0.99913229
2026-09-12T02:42:54.779782+00:00 | PAIR checkpoint | processed=154880/197524 batch_best=1.00299178
2026-09-12T02:43:03.707343+00:00 | PAIR checkpoint | processed=156160/197524 batch_best=1.00340072
2026-09-12T02:43:12.643971+00:00 | PAIR checkpoint | processed=157440/197524 batch_best=1.00172645
2026-09-12T02:43:21.571006+00:00 | PAIR checkpoint | processed=158720/197524 batch_best=1.00401110
2026-09-12T02:43:30.570330+00:00 | PAIR checkpoint | processed=160000/197524 batch_best=1.00416560
2026-09-12T02:43:39.506898+00:00 | PAIR checkpoint | processed=161280/197524 batch_best=1.00545142
2026-09-12T02:43:48.430304+00:00 | PAIR checkpoint | processed=162560/197524 batch_best=1.01174255
2026-09-12T02:43:57.404219+00:00 | PAIR checkpoint | processed=163840/197524 batch_best=1.02095279
2026-09-12T02:44:06.348190+00:00 | PAIR checkpoint | processed=165120/197524 batch_best=1.01772044
2026-09-12T02:44:15.279139+00:00 | PAIR checkpoint | processed=166400/197524 batch_best=1.01936908
2026-09-12T02:44:24.256041+00:00 | PAIR checkpoint | processed=167680/197524 batch_best=1.01234209
2026-09-12T02:44:33.193655+00:00 | PAIR checkpoint | processed=168960/197524 batch_best=1.01686616
2026-09-12T02:44:42.127359+00:00 | PAIR checkpoint | processed=170240/197524 batch_best=1.01521611
2026-09-12T02:44:51.078043+00:00 | PAIR checkpoint | processed=171520/197524 batch_best=1.01483183
2026-09-12T02:45:00.042273+00:00 | PAIR checkpoint | processed=172800/197524 batch_best=1.01396915
2026-09-12T02:45:08.972890+00:00 | PAIR checkpoint | processed=174080/197524 batch_best=1.01121736
2026-09-12T02:45:17.906244+00:00 | PAIR checkpoint | processed=175360/197524 batch_best=1.01627057
2026-09-12T02:45:26.857049+00:00 | PAIR checkpoint | processed=176640/197524 batch_best=1.01599092
2026-09-12T02:45:35.801641+00:00 | PAIR checkpoint | processed=177920/197524 batch_best=1.01417518
2026-09-12T02:45:44.737495+00:00 | PAIR checkpoint | processed=179200/197524 batch_best=1.02279970
2026-09-12T02:45:53.697666+00:00 | PAIR checkpoint | processed=180480/197524 batch_best=1.02609055
2026-09-12T02:46:02.641375+00:00 | PAIR checkpoint | processed=181760/197524 batch_best=1.02364242
2026-09-12T02:46:11.583084+00:00 | PAIR checkpoint | processed=183040/197524 batch_best=1.02829438
2026-09-12T02:46:20.519212+00:00 | PAIR checkpoint | processed=184320/197524 batch_best=1.02906071
2026-09-12T02:46:29.488012+00:00 | PAIR checkpoint | processed=185600/197524 batch_best=1.02630481
2026-09-12T02:46:38.431442+00:00 | PAIR checkpoint | processed=186880/197524 batch_best=1.02402158
2026-09-12T02:46:47.375662+00:00 | PAIR checkpoint | processed=188160/197524 batch_best=1.02718048
2026-09-12T02:46:56.343707+00:00 | PAIR checkpoint | processed=189440/197524 batch_best=1.02779317
2026-09-12T02:47:05.289847+00:00 | PAIR checkpoint | processed=190720/197524 batch_best=1.02450389
2026-09-12T02:47:14.245982+00:00 | PAIR checkpoint | processed=192000/197524 batch_best=1.02784218
2026-09-12T02:47:23.202654+00:00 | PAIR checkpoint | processed=193280/197524 batch_best=1.03361223
2026-09-12T02:47:32.176586+00:00 | PAIR checkpoint | processed=194560/197524 batch_best=1.03633419
2026-09-12T02:47:41.108010+00:00 | PAIR checkpoint | processed=195840/197524 batch_best=1.03258280
2026-09-12T02:47:50.064812+00:00 | PAIR checkpoint | processed=197120/197524 batch_best=1.04765697
2026-09-12T02:47:58.080348+00:00 | VALIDATION WINNER | home=671c8f6c42c7bf84430c away=15fad4fc350fd375711d composite=0.99019131
2026-09-12T02:48:00.324922+00:00 | COMPLETE | validation_composite=0.99019131 test_composite=0.98510869
